
.eh_frame

fde:
<    0><0x00001060:0x00001086><<missing name>><cie offset 0x0000001c::cie index     0><fde offset 0x00000000 length: 0x00000014>
       <eh aug data len 0x0>
        0x00001060: <def cfa=r7+8 off r16=-8(cfa) >
fde:
<    1><0x00001020:0x00001040><<missing name>><cie offset 0x00000034::cie index     0><fde offset 0x00000030 length: 0x00000024>
       <eh aug data len 0x0>
        0x00001020: <def cfa=r7+8 off r16=-8(cfa) >
        0x00001067: <def cfa=r7+8 off r16=-8(cfa) >
fde:
<    2><0x00001040:0x00001050><<missing name>><cie offset 0x0000005c::cie index     0><fde offset 0x00000058 length: 0x00000014>
       <eh aug data len 0x0>
        0x00001040: <def cfa=r7+8 off r16=-8(cfa) >
fde:
<    3><0x00001050:0x00001060><<missing name>><cie offset 0x00000074::cie index     0><fde offset 0x00000070 length: 0x00000014>
       <eh aug data len 0x0>
        0x00001050: <def cfa=r7+8 off r16=-8(cfa) >
fde:
<    4><0x00001149:0x00001167><main><cie offset 0x0000008c::cie index     0><fde offset 0x00000088 length: 0x0000001c>
       <eh aug data len 0x0>
        0x00001149: <def cfa=r7+8 off r16=-8(cfa) >
        0x0000114e: <def cfa=r7+8 off r16=-8(cfa) >
        0x00001166: <def cfa=r7+8 off r16=-8(cfa) >

 cie:
<    0> version      1
  cie section offset    0 0x00000000
  augmentation                  zR
  code_alignment_factor         1
  data_alignment_factor         -8
  return_address_register       16
  eh aug data len                0x1 bytes 0x1b 
    FDE encoding: PC-relative signed 4-byte (0x1b)
  bytes of initial instructions 7
  cie length                    20
  initial instructions
   0 <off cfa=08(r7) >
   1 <off r16=-8(cfa) >

